00:46:33 **** Incremental Build of configuration Debug for project 001_Task ****
make -j4 all 
arm-none-eabi-gcc "../Core/Src/main.c" -mcpu=cortex-m4 -std=gnu11 -g3 -DDEBUG -DUSE_HAL_DRIVER -DSTM32F401xE -c -I../Core/Inc -I"D:/Workspace/FreeRTOS_WS/my_WS/FreeRTOS_Workspace/001_Task/001_Task/Third Party" -I"D:/Workspace/FreeRTOS_WS/my_WS/FreeRTOS_Workspace/001_Task/001_Task/Third Party/include" -I"D:/Workspace/FreeRTOS_WS/my_WS/FreeRTOS_Workspace/001_Task/001_Task/Third Party/portable/GCC/ARM_CM4F" -I../Drivers/STM32F4xx_HAL_Driver/Inc -I../Drivers/STM32F4xx_HAL_Driver/Inc/Legacy -I../Drivers/CMSIS/Device/ST/STM32F4xx/Include -I../Drivers/CMSIS/Include -O0 -ffunction-sections -fdata-sections -Wall -fstack-usage -fcyclomatic-complexity -MMD -MP -MF"Core/Src/main.d" -MT"Core/Src/main.o" --specs=nano.specs -mfpu=fpv4-sp-d16 -mfloat-abi=hard -mthumb -o "Core/Src/main.o"
arm-none-eabi-gcc -o "001_Task.elf" @"objects.list"   -mcpu=cortex-m4 -T"D:\Workspace\FreeRTOS_WS\my_WS\FreeRTOS_Workspace\001_Task\001_Task\STM32F401RETX_FLASH.ld" --specs=nosys.specs -Wl,-Map="001_Task.map" -Wl,--gc-sections -static --specs=nano.specs -mfpu=fpv4-sp-d16 -mfloat-abi=hard -mthumb -Wl,--start-group -lc -lm -Wl,--end-group
Finished building target: 001_Task.elf
 
arm-none-eabi-size   001_Task.elf 
arm-none-eabi-objdump -h -S  001_Task.elf  > "001_Task.list"
   text	   data	    bss	    dec	    hex	filename
  18440	    128	  12320	  30888	   78a8	001_Task.elf
Finished building: default.size.stdout
 
Finished building: 001_Task.list
 

00:46:44 Build Finished. 0 errors, 0 warnings. (took 11s.598ms)

