23:56:11 **** Clean-only build of configuration Debug for project 001_Task ****
make -j4 clean 
rm -rf ./Third\ Party/portable/MemMang/heap_4.cyclo ./Third\ Party/portable/MemMang/heap_4.d ./Third\ Party/portable/MemMang/heap_4.o ./Third\ Party/portable/MemMang/heap_4.su
rm -rf ./Third\ Party/portable/GCC/ARM_CM4F/port.cyclo ./Third\ Party/portable/GCC/ARM_CM4F/port.d ./Third\ Party/portable/GCC/ARM_CM4F/port.o ./Third\ Party/portable/GCC/ARM_CM4F/port.su
rm -rf ./Third\ Party/croutine.cyclo ./Third\ Party/croutine.d ./Third\ Party/croutine.o ./Third\ Party/croutine.su ./Third\ Party/event_groups.cyclo ./Third\ Party/event_groups.d ./Third\ Party/event_groups.o ./Third\ Party/event_groups.su ./Third\ Party/list.cyclo ./Third\ Party/list.d ./Third\ Party/list.o ./Third\ Party/list.su ./Third\ Party/queue.cyclo ./Third\ Party/queue.d ./Third\ Party/queue.o ./Third\ Party/queue.su ./Third\ Party/stream_buffer.cyclo ./Third\ Party/stream_buffer.d ./Third\ Party/stream_buffer.o ./Third\ Party/stream_buffer.su ./Third\ Party/tasks.cyclo ./Third\ Party/tasks.d ./Third\ Party/tasks.o ./Third\ Party/tasks.su ./Third\ Party/timers.cyclo ./Third\ Party/timers.d ./Third\ Party/timers.o ./Third\ Party/timers.su
rm -rf ./Drivers/STM32F4xx_HAL_Driver/Src/stm32f4xx_hal.cyclo ./Drivers/STM32F4xx_HAL_Driver/Src/stm32f4xx_hal.d ./Drivers/STM32F4xx_HAL_Driver/Src/stm32f4xx_hal.o ./Drivers/STM32F4xx_HAL_Driver/Src/stm32f4xx_hal.su ./Drivers/STM32F4xx_HAL_Driver/Src/stm32f4xx_hal_cortex.cyclo ./Drivers/STM32F4xx_HAL_Driver/Src/stm32f4xx_hal_cortex.d ./Drivers/STM32F4xx_HAL_Driver/Src/stm32f4xx_hal_cortex.o ./Drivers/STM32F4xx_HAL_Driver/Src/stm32f4xx_hal_cortex.su ./Drivers/STM32F4xx_HAL_Driver/Src/stm32f4xx_hal_dma.cyclo ./Drivers/STM32F4xx_HAL_Driver/Src/stm32f4xx_hal_dma.d ./Drivers/STM32F4xx_HAL_Driver/Src/stm32f4xx_hal_dma.o ./Drivers/STM32F4xx_HAL_Driver/Src/stm32f4xx_hal_dma.su ./Drivers/STM32F4xx_HAL_Driver/Src/stm32f4xx_hal_dma_ex.cyclo ./Drivers/STM32F4xx_HAL_Driver/Src/stm32f4xx_hal_dma_ex.d ./Drivers/STM32F4xx_HAL_Driver/Src/stm32f4xx_hal_dma_ex.o ./Drivers/STM32F4xx_HAL_Driver/Src/stm32f4xx_hal_dma_ex.su ./Drivers/STM32F4xx_HAL_Driver/Src/stm32f4xx_hal_exti.cyclo ./Drivers/STM32F4xx_HAL_Driver/Src/stm32f4xx_hal_exti.d ./Drivers/STM32F4xx_HAL_Driver/Src/stm32f4xx_hal_exti.o ./Drivers/STM32F4xx_HAL_Driver/Src/stm32f4xx_hal_exti.su ./Drivers/STM32F4xx_HAL_Driver/Src/stm32f4xx_hal_flash.cyclo ./Drivers/STM32F4xx_HAL_Driver/Src/stm32f4xx_hal_flash.d ./Drivers/STM32F4xx_HAL_Driver/Src/stm32f4xx_hal_flash.o ./Drivers/STM32F4xx_HAL_Driver/Src/stm32f4xx_hal_flash.su ./Drivers/STM32F4xx_HAL_Driver/Src/stm32f4xx_hal_flash_ex.cyclo ./Drivers/STM32F4xx_HAL_Driver/Src/stm32f4xx_hal_flash_ex.d ./Drivers/STM32F4xx_HAL_Driver/Src/stm32f4xx_hal_flash_ex.o ./Drivers/STM32F4xx_HAL_Driver/Src/stm32f4xx_hal_flash_ex.su ./Drivers/STM32F4xx_HAL_Driver/Src/stm32f4xx_hal_flash_ramfunc.cyclo ./Drivers/STM32F4xx_HAL_Driver/Src/stm32f4xx_hal_flash_ramfunc.d ./Drivers/STM32F4xx_HAL_Driver/Src/stm32f4xx_hal_flash_ramfunc.o ./Drivers/STM32F4xx_HAL_Driver/Src/stm32f4xx_hal_flash_ramfunc.su ./Drivers/STM32F4xx_HAL_Driver/Src/stm32f4xx_hal_gpio.cyclo ./Drivers/STM32F4xx_HAL_Driver/Src/stm32f4xx_hal_gpio.d ./Drivers/STM32F4xx_HAL_Driver/Src/stm32f4xx_hal_gpio.o ./Drivers/STM32F4xx_HAL_Driver/Src/stm32f4xx_hal_gpio.su ./Drivers/STM32F4xx_HAL_Driver/Src/stm32f4xx_hal_pwr.cyclo ./Drivers/STM32F4xx_HAL_Driver/Src/stm32f4xx_hal_pwr.d ./Drivers/STM32F4xx_HAL_Driver/Src/stm32f4xx_hal_pwr.o ./Drivers/STM32F4xx_HAL_Driver/Src/stm32f4xx_hal_pwr.su ./Drivers/STM32F4xx_HAL_Driver/Src/stm32f4xx_hal_pwr_ex.cyclo ./Drivers/STM32F4xx_HAL_Driver/Src/stm32f4xx_hal_pwr_ex.d ./Drivers/STM32F4xx_HAL_Driver/Src/stm32f4xx_hal_pwr_ex.o ./Drivers/STM32F4xx_HAL_Driver/Src/stm32f4xx_hal_pwr_ex.su ./Drivers/STM32F4xx_HAL_Driver/Src/stm32f4xx_hal_rcc.cyclo ./Drivers/STM32F4xx_HAL_Driver/Src/stm32f4xx_hal_rcc.d ./Drivers/STM32F4xx_HAL_Driver/Src/stm32f4xx_hal_rcc.o ./Drivers/STM32F4xx_HAL_Driver/Src/stm32f4xx_hal_rcc.su ./Drivers/STM32F4xx_HAL_Driver/Src/stm32f4xx_hal_rcc_ex.cyclo ./Drivers/STM32F4xx_HAL_Driver/Src/stm32f4xx_hal_rcc_ex.d ./Drivers/STM32F4xx_HAL_Driver/Src/stm32f4xx_hal_rcc_ex.o ./Drivers/STM32F4xx_HAL_Driver/Src/stm32f4xx_hal_rcc_ex.su
rm -rf ./Core/Startup/startup_stm32f401retx.d ./Core/Startup/startup_stm32f401retx.o
rm -rf ./Core/Src/main.cyclo ./Core/Src/main.d ./Core/Src/main.o ./Core/Src/main.su ./Core/Src/stm32f4xx_hal_msp.cyclo ./Core/Src/stm32f4xx_hal_msp.d ./Core/Src/stm32f4xx_hal_msp.o ./Core/Src/stm32f4xx_hal_msp.su ./Core/Src/stm32f4xx_it.cyclo ./Core/Src/stm32f4xx_it.d ./Core/Src/stm32f4xx_it.o ./Core/Src/stm32f4xx_it.su ./Core/Src/syscalls.cyclo ./Core/Src/syscalls.d ./Core/Src/syscalls.o ./Core/Src/syscalls.su ./Core/Src/system_stm32f4xx.cyclo ./Core/Src/system_stm32f4xx.d ./Core/Src/system_stm32f4xx.o ./Core/Src/system_stm32f4xx.su
rm -rf 001_Task.elf 001_Task.list 001_Task.map default.size.stdout
 
23:56:12 **** Incremental Build of configuration Debug for project 001_Task ****
make -j4 all 
arm-none-eabi-gcc "../Third Party/portable/MemMang/heap_4.c" -mcpu=cortex-m4 -std=gnu11 -g3 -DDEBUG -DUSE_HAL_DRIVER -DSTM32F401xE -c -I../Core/Inc -I"D:/Workspace/FreeRTOS_WS/my_WS/FreeRTOS_Workspace/001_Task/001_Task/Third Party" -I"D:/Workspace/FreeRTOS_WS/my_WS/FreeRTOS_Workspace/001_Task/001_Task/Third Party/include" -I"D:/Workspace/FreeRTOS_WS/my_WS/FreeRTOS_Workspace/001_Task/001_Task/Third Party/portable/GCC/ARM_CM4F" -I../Drivers/STM32F4xx_HAL_Driver/Inc -I../Drivers/STM32F4xx_HAL_Driver/Inc/Legacy -I../Drivers/CMSIS/Device/ST/STM32F4xx/Include -I../Drivers/CMSIS/Include -O0 -ffunction-sections -fdata-sections -Wall -fstack-usage -fcyclomatic-complexity -MMD -MP -MF"Third Party/portable/MemMang/heap_4.d" -MT"Third Party/portable/MemMang/heap_4.o" --specs=nano.specs -mfpu=fpv4-sp-d16 -mfloat-abi=hard -mthumb -o "Third Party/portable/MemMang/heap_4.o"
arm-none-eabi-gcc "../Third Party/portable/GCC/ARM_CM4F/port.c" -mcpu=cortex-m4 -std=gnu11 -g3 -DDEBUG -DUSE_HAL_DRIVER -DSTM32F401xE -c -I../Core/Inc -I"D:/Workspace/FreeRTOS_WS/my_WS/FreeRTOS_Workspace/001_Task/001_Task/Third Party" -I"D:/Workspace/FreeRTOS_WS/my_WS/FreeRTOS_Workspace/001_Task/001_Task/Third Party/include" -I"D:/Workspace/FreeRTOS_WS/my_WS/FreeRTOS_Workspace/001_Task/001_Task/Third Party/portable/GCC/ARM_CM4F" -I../Drivers/STM32F4xx_HAL_Driver/Inc -I../Drivers/STM32F4xx_HAL_Driver/Inc/Legacy -I../Drivers/CMSIS/Device/ST/STM32F4xx/Include -I../Drivers/CMSIS/Include -O0 -ffunction-sections -fdata-sections -Wall -fstack-usage -fcyclomatic-complexity -MMD -MP -MF"Third Party/portable/GCC/ARM_CM4F/port.d" -MT"Third Party/portable/GCC/ARM_CM4F/port.o" --specs=nano.specs -mfpu=fpv4-sp-d16 -mfloat-abi=hard -mthumb -o "Third Party/portable/GCC/ARM_CM4F/port.o"
arm-none-eabi-gcc "../Third Party/croutine.c" -mcpu=cortex-m4 -std=gnu11 -g3 -DDEBUG -DUSE_HAL_DRIVER -DSTM32F401xE -c -I../Core/Inc -I"D:/Workspace/FreeRTOS_WS/my_WS/FreeRTOS_Workspace/001_Task/001_Task/Third Party" -I"D:/Workspace/FreeRTOS_WS/my_WS/FreeRTOS_Workspace/001_Task/001_Task/Third Party/include" -I"D:/Workspace/FreeRTOS_WS/my_WS/FreeRTOS_Workspace/001_Task/001_Task/Third Party/portable/GCC/ARM_CM4F" -I../Drivers/STM32F4xx_HAL_Driver/Inc -I../Drivers/STM32F4xx_HAL_Driver/Inc/Legacy -I../Drivers/CMSIS/Device/ST/STM32F4xx/Include -I../Drivers/CMSIS/Include -O0 -ffunction-sections -fdata-sections -Wall -fstack-usage -fcyclomatic-complexity -MMD -MP -MF"Third Party/croutine.d" -MT"Third Party/croutine.o" --specs=nano.specs -mfpu=fpv4-sp-d16 -mfloat-abi=hard -mthumb -o "Third Party/croutine.o"
arm-none-eabi-gcc "../Third Party/event_groups.c" -mcpu=cortex-m4 -std=gnu11 -g3 -DDEBUG -DUSE_HAL_DRIVER -DSTM32F401xE -c -I../Core/Inc -I"D:/Workspace/FreeRTOS_WS/my_WS/FreeRTOS_Workspace/001_Task/001_Task/Third Party" -I"D:/Workspace/FreeRTOS_WS/my_WS/FreeRTOS_Workspace/001_Task/001_Task/Third Party/include" -I"D:/Workspace/FreeRTOS_WS/my_WS/FreeRTOS_Workspace/001_Task/001_Task/Third Party/portable/GCC/ARM_CM4F" -I../Drivers/STM32F4xx_HAL_Driver/Inc -I../Drivers/STM32F4xx_HAL_Driver/Inc/Legacy -I../Drivers/CMSIS/Device/ST/STM32F4xx/Include -I../Drivers/CMSIS/Include -O0 -ffunction-sections -fdata-sections -Wall -fstack-usage -fcyclomatic-complexity -MMD -MP -MF"Third Party/event_groups.d" -MT"Third Party/event_groups.o" --specs=nano.specs -mfpu=fpv4-sp-d16 -mfloat-abi=hard -mthumb -o "Third Party/event_groups.o"
arm-none-eabi-gcc "../Third Party/list.c" -mcpu=cortex-m4 -std=gnu11 -g3 -DDEBUG -DUSE_HAL_DRIVER -DSTM32F401xE -c -I../Core/Inc -I"D:/Workspace/FreeRTOS_WS/my_WS/FreeRTOS_Workspace/001_Task/001_Task/Third Party" -I"D:/Workspace/FreeRTOS_WS/my_WS/FreeRTOS_Workspace/001_Task/001_Task/Third Party/include" -I"D:/Workspace/FreeRTOS_WS/my_WS/FreeRTOS_Workspace/001_Task/001_Task/Third Party/portable/GCC/ARM_CM4F" -I../Drivers/STM32F4xx_HAL_Driver/Inc -I../Drivers/STM32F4xx_HAL_Driver/Inc/Legacy -I../Drivers/CMSIS/Device/ST/STM32F4xx/Include -I../Drivers/CMSIS/Include -O0 -ffunction-sections -fdata-sections -Wall -fstack-usage -fcyclomatic-complexity -MMD -MP -MF"Third Party/list.d" -MT"Third Party/list.o" --specs=nano.specs -mfpu=fpv4-sp-d16 -mfloat-abi=hard -mthumb -o "Third Party/list.o"
arm-none-eabi-gcc "../Third Party/queue.c" -mcpu=cortex-m4 -std=gnu11 -g3 -DDEBUG -DUSE_HAL_DRIVER -DSTM32F401xE -c -I../Core/Inc -I"D:/Workspace/FreeRTOS_WS/my_WS/FreeRTOS_Workspace/001_Task/001_Task/Third Party" -I"D:/Workspace/FreeRTOS_WS/my_WS/FreeRTOS_Workspace/001_Task/001_Task/Third Party/include" -I"D:/Workspace/FreeRTOS_WS/my_WS/FreeRTOS_Workspace/001_Task/001_Task/Third Party/portable/GCC/ARM_CM4F" -I../Drivers/STM32F4xx_HAL_Driver/Inc -I../Drivers/STM32F4xx_HAL_Driver/Inc/Legacy -I../Drivers/CMSIS/Device/ST/STM32F4xx/Include -I../Drivers/CMSIS/Include -O0 -ffunction-sections -fdata-sections -Wall -fstack-usage -fcyclomatic-complexity -MMD -MP -MF"Third Party/queue.d" -MT"Third Party/queue.o" --specs=nano.specs -mfpu=fpv4-sp-d16 -mfloat-abi=hard -mthumb -o "Third Party/queue.o"
arm-none-eabi-gcc "../Third Party/stream_buffer.c" -mcpu=cortex-m4 -std=gnu11 -g3 -DDEBUG -DUSE_HAL_DRIVER -DSTM32F401xE -c -I../Core/Inc -I"D:/Workspace/FreeRTOS_WS/my_WS/FreeRTOS_Workspace/001_Task/001_Task/Third Party" -I"D:/Workspace/FreeRTOS_WS/my_WS/FreeRTOS_Workspace/001_Task/001_Task/Third Party/include" -I"D:/Workspace/FreeRTOS_WS/my_WS/FreeRTOS_Workspace/001_Task/001_Task/Third Party/portable/GCC/ARM_CM4F" -I../Drivers/STM32F4xx_HAL_Driver/Inc -I../Drivers/STM32F4xx_HAL_Driver/Inc/Legacy -I../Drivers/CMSIS/Device/ST/STM32F4xx/Include -I../Drivers/CMSIS/Include -O0 -ffunction-sections -fdata-sections -Wall -fstack-usage -fcyclomatic-complexity -MMD -MP -MF"Third Party/stream_buffer.d" -MT"Third Party/stream_buffer.o" --specs=nano.specs -mfpu=fpv4-sp-d16 -mfloat-abi=hard -mthumb -o "Third Party/stream_buffer.o"
arm-none-eabi-gcc "../Third Party/tasks.c" -mcpu=cortex-m4 -std=gnu11 -g3 -DDEBUG -DUSE_HAL_DRIVER -DSTM32F401xE -c -I../Core/Inc -I"D:/Workspace/FreeRTOS_WS/my_WS/FreeRTOS_Workspace/001_Task/001_Task/Third Party" -I"D:/Workspace/FreeRTOS_WS/my_WS/FreeRTOS_Workspace/001_Task/001_Task/Third Party/include" -I"D:/Workspace/FreeRTOS_WS/my_WS/FreeRTOS_Workspace/001_Task/001_Task/Third Party/portable/GCC/ARM_CM4F" -I../Drivers/STM32F4xx_HAL_Driver/Inc -I../Drivers/STM32F4xx_HAL_Driver/Inc/Legacy -I../Drivers/CMSIS/Device/ST/STM32F4xx/Include -I../Drivers/CMSIS/Include -O0 -ffunction-sections -fdata-sections -Wall -fstack-usage -fcyclomatic-complexity -MMD -MP -MF"Third Party/tasks.d" -MT"Third Party/tasks.o" --specs=nano.specs -mfpu=fpv4-sp-d16 -mfloat-abi=hard -mthumb -o "Third Party/tasks.o"
arm-none-eabi-gcc "../Third Party/timers.c" -mcpu=cortex-m4 -std=gnu11 -g3 -DDEBUG -DUSE_HAL_DRIVER -DSTM32F401xE -c -I../Core/Inc -I"D:/Workspace/FreeRTOS_WS/my_WS/FreeRTOS_Workspace/001_Task/001_Task/Third Party" -I"D:/Workspace/FreeRTOS_WS/my_WS/FreeRTOS_Workspace/001_Task/001_Task/Third Party/include" -I"D:/Workspace/FreeRTOS_WS/my_WS/FreeRTOS_Workspace/001_Task/001_Task/Third Party/portable/GCC/ARM_CM4F" -I../Drivers/STM32F4xx_HAL_Driver/Inc -I../Drivers/STM32F4xx_HAL_Driver/Inc/Legacy -I../Drivers/CMSIS/Device/ST/STM32F4xx/Include -I../Drivers/CMSIS/Include -O0 -ffunction-sections -fdata-sections -Wall -fstack-usage -fcyclomatic-complexity -MMD -MP -MF"Third Party/timers.d" -MT"Third Party/timers.o" --specs=nano.specs -mfpu=fpv4-sp-d16 -mfloat-abi=hard -mthumb -o "Third Party/timers.o"
arm-none-eabi-gcc "../Drivers/STM32F4xx_HAL_Driver/Src/stm32f4xx_hal.c" -mcpu=cortex-m4 -std=gnu11 -g3 -DDEBUG -DUSE_HAL_DRIVER -DSTM32F401xE -c -I../Core/Inc -I"D:/Workspace/FreeRTOS_WS/my_WS/FreeRTOS_Workspace/001_Task/001_Task/Third Party" -I"D:/Workspace/FreeRTOS_WS/my_WS/FreeRTOS_Workspace/001_Task/001_Task/Third Party/include" -I"D:/Workspace/FreeRTOS_WS/my_WS/FreeRTOS_Workspace/001_Task/001_Task/Third Party/portable/GCC/ARM_CM4F" -I../Drivers/STM32F4xx_HAL_Driver/Inc -I../Drivers/STM32F4xx_HAL_Driver/Inc/Legacy -I../Drivers/CMSIS/Device/ST/STM32F4xx/Include -I../Drivers/CMSIS/Include -O0 -ffunction-sections -fdata-sections -Wall -fstack-usage -fcyclomatic-complexity -MMD -MP -MF"Drivers/STM32F4xx_HAL_Driver/Src/stm32f4xx_hal.d" -MT"Drivers/STM32F4xx_HAL_Driver/Src/stm32f4xx_hal.o" --specs=nano.specs -mfpu=fpv4-sp-d16 -mfloat-abi=hard -mthumb -o "Drivers/STM32F4xx_HAL_Driver/Src/stm32f4xx_hal.o"
arm-none-eabi-gcc "../Drivers/STM32F4xx_HAL_Driver/Src/stm32f4xx_hal_cortex.c" -mcpu=cortex-m4 -std=gnu11 -g3 -DDEBUG -DUSE_HAL_DRIVER -DSTM32F401xE -c -I../Core/Inc -I"D:/Workspace/FreeRTOS_WS/my_WS/FreeRTOS_Workspace/001_Task/001_Task/Third Party" -I"D:/Workspace/FreeRTOS_WS/my_WS/FreeRTOS_Workspace/001_Task/001_Task/Third Party/include" -I"D:/Workspace/FreeRTOS_WS/my_WS/FreeRTOS_Workspace/001_Task/001_Task/Third Party/portable/GCC/ARM_CM4F" -I../Drivers/STM32F4xx_HAL_Driver/Inc -I../Drivers/STM32F4xx_HAL_Driver/Inc/Legacy -I../Drivers/CMSIS/Device/ST/STM32F4xx/Include -I../Drivers/CMSIS/Include -O0 -ffunction-sections -fdata-sections -Wall -fstack-usage -fcyclomatic-complexity -MMD -MP -MF"Drivers/STM32F4xx_HAL_Driver/Src/stm32f4xx_hal_cortex.d" -MT"Drivers/STM32F4xx_HAL_Driver/Src/stm32f4xx_hal_cortex.o" --specs=nano.specs -mfpu=fpv4-sp-d16 -mfloat-abi=hard -mthumb -o "Drivers/STM32F4xx_HAL_Driver/Src/stm32f4xx_hal_cortex.o"
arm-none-eabi-gcc "../Drivers/STM32F4xx_HAL_Driver/Src/stm32f4xx_hal_dma.c" -mcpu=cortex-m4 -std=gnu11 -g3 -DDEBUG -DUSE_HAL_DRIVER -DSTM32F401xE -c -I../Core/Inc -I"D:/Workspace/FreeRTOS_WS/my_WS/FreeRTOS_Workspace/001_Task/001_Task/Third Party" -I"D:/Workspace/FreeRTOS_WS/my_WS/FreeRTOS_Workspace/001_Task/001_Task/Third Party/include" -I"D:/Workspace/FreeRTOS_WS/my_WS/FreeRTOS_Workspace/001_Task/001_Task/Third Party/portable/GCC/ARM_CM4F" -I../Drivers/STM32F4xx_HAL_Driver/Inc -I../Drivers/STM32F4xx_HAL_Driver/Inc/Legacy -I../Drivers/CMSIS/Device/ST/STM32F4xx/Include -I../Drivers/CMSIS/Include -O0 -ffunction-sections -fdata-sections -Wall -fstack-usage -fcyclomatic-complexity -MMD -MP -MF"Drivers/STM32F4xx_HAL_Driver/Src/stm32f4xx_hal_dma.d" -MT"Drivers/STM32F4xx_HAL_Driver/Src/stm32f4xx_hal_dma.o" --specs=nano.specs -mfpu=fpv4-sp-d16 -mfloat-abi=hard -mthumb -o "Drivers/STM32F4xx_HAL_Driver/Src/stm32f4xx_hal_dma.o"
arm-none-eabi-gcc "../Drivers/STM32F4xx_HAL_Driver/Src/stm32f4xx_hal_dma_ex.c" -mcpu=cortex-m4 -std=gnu11 -g3 -DDEBUG -DUSE_HAL_DRIVER -DSTM32F401xE -c -I../Core/Inc -I"D:/Workspace/FreeRTOS_WS/my_WS/FreeRTOS_Workspace/001_Task/001_Task/Third Party" -I"D:/Workspace/FreeRTOS_WS/my_WS/FreeRTOS_Workspace/001_Task/001_Task/Third Party/include" -I"D:/Workspace/FreeRTOS_WS/my_WS/FreeRTOS_Workspace/001_Task/001_Task/Third Party/portable/GCC/ARM_CM4F" -I../Drivers/STM32F4xx_HAL_Driver/Inc -I../Drivers/STM32F4xx_HAL_Driver/Inc/Legacy -I../Drivers/CMSIS/Device/ST/STM32F4xx/Include -I../Drivers/CMSIS/Include -O0 -ffunction-sections -fdata-sections -Wall -fstack-usage -fcyclomatic-complexity -MMD -MP -MF"Drivers/STM32F4xx_HAL_Driver/Src/stm32f4xx_hal_dma_ex.d" -MT"Drivers/STM32F4xx_HAL_Driver/Src/stm32f4xx_hal_dma_ex.o" --specs=nano.specs -mfpu=fpv4-sp-d16 -mfloat-abi=hard -mthumb -o "Drivers/STM32F4xx_HAL_Driver/Src/stm32f4xx_hal_dma_ex.o"
arm-none-eabi-gcc "../Drivers/STM32F4xx_HAL_Driver/Src/stm32f4xx_hal_exti.c" -mcpu=cortex-m4 -std=gnu11 -g3 -DDEBUG -DUSE_HAL_DRIVER -DSTM32F401xE -c -I../Core/Inc -I"D:/Workspace/FreeRTOS_WS/my_WS/FreeRTOS_Workspace/001_Task/001_Task/Third Party" -I"D:/Workspace/FreeRTOS_WS/my_WS/FreeRTOS_Workspace/001_Task/001_Task/Third Party/include" -I"D:/Workspace/FreeRTOS_WS/my_WS/FreeRTOS_Workspace/001_Task/001_Task/Third Party/portable/GCC/ARM_CM4F" -I../Drivers/STM32F4xx_HAL_Driver/Inc -I../Drivers/STM32F4xx_HAL_Driver/Inc/Legacy -I../Drivers/CMSIS/Device/ST/STM32F4xx/Include -I../Drivers/CMSIS/Include -O0 -ffunction-sections -fdata-sections -Wall -fstack-usage -fcyclomatic-complexity -MMD -MP -MF"Drivers/STM32F4xx_HAL_Driver/Src/stm32f4xx_hal_exti.d" -MT"Drivers/STM32F4xx_HAL_Driver/Src/stm32f4xx_hal_exti.o" --specs=nano.specs -mfpu=fpv4-sp-d16 -mfloat-abi=hard -mthumb -o "Drivers/STM32F4xx_HAL_Driver/Src/stm32f4xx_hal_exti.o"
arm-none-eabi-gcc "../Drivers/STM32F4xx_HAL_Driver/Src/stm32f4xx_hal_flash.c" -mcpu=cortex-m4 -std=gnu11 -g3 -DDEBUG -DUSE_HAL_DRIVER -DSTM32F401xE -c -I../Core/Inc -I"D:/Workspace/FreeRTOS_WS/my_WS/FreeRTOS_Workspace/001_Task/001_Task/Third Party" -I"D:/Workspace/FreeRTOS_WS/my_WS/FreeRTOS_Workspace/001_Task/001_Task/Third Party/include" -I"D:/Workspace/FreeRTOS_WS/my_WS/FreeRTOS_Workspace/001_Task/001_Task/Third Party/portable/GCC/ARM_CM4F" -I../Drivers/STM32F4xx_HAL_Driver/Inc -I../Drivers/STM32F4xx_HAL_Driver/Inc/Legacy -I../Drivers/CMSIS/Device/ST/STM32F4xx/Include -I../Drivers/CMSIS/Include -O0 -ffunction-sections -fdata-sections -Wall -fstack-usage -fcyclomatic-complexity -MMD -MP -MF"Drivers/STM32F4xx_HAL_Driver/Src/stm32f4xx_hal_flash.d" -MT"Drivers/STM32F4xx_HAL_Driver/Src/stm32f4xx_hal_flash.o" --specs=nano.specs -mfpu=fpv4-sp-d16 -mfloat-abi=hard -mthumb -o "Drivers/STM32F4xx_HAL_Driver/Src/stm32f4xx_hal_flash.o"
arm-none-eabi-gcc "../Drivers/STM32F4xx_HAL_Driver/Src/stm32f4xx_hal_flash_ex.c" -mcpu=cortex-m4 -std=gnu11 -g3 -DDEBUG -DUSE_HAL_DRIVER -DSTM32F401xE -c -I../Core/Inc -I"D:/Workspace/FreeRTOS_WS/my_WS/FreeRTOS_Workspace/001_Task/001_Task/Third Party" -I"D:/Workspace/FreeRTOS_WS/my_WS/FreeRTOS_Workspace/001_Task/001_Task/Third Party/include" -I"D:/Workspace/FreeRTOS_WS/my_WS/FreeRTOS_Workspace/001_Task/001_Task/Third Party/portable/GCC/ARM_CM4F" -I../Drivers/STM32F4xx_HAL_Driver/Inc -I../Drivers/STM32F4xx_HAL_Driver/Inc/Legacy -I../Drivers/CMSIS/Device/ST/STM32F4xx/Include -I../Drivers/CMSIS/Include -O0 -ffunction-sections -fdata-sections -Wall -fstack-usage -fcyclomatic-complexity -MMD -MP -MF"Drivers/STM32F4xx_HAL_Driver/Src/stm32f4xx_hal_flash_ex.d" -MT"Drivers/STM32F4xx_HAL_Driver/Src/stm32f4xx_hal_flash_ex.o" --specs=nano.specs -mfpu=fpv4-sp-d16 -mfloat-abi=hard -mthumb -o "Drivers/STM32F4xx_HAL_Driver/Src/stm32f4xx_hal_flash_ex.o"
arm-none-eabi-gcc "../Drivers/STM32F4xx_HAL_Driver/Src/stm32f4xx_hal_flash_ramfunc.c" -mcpu=cortex-m4 -std=gnu11 -g3 -DDEBUG -DUSE_HAL_DRIVER -DSTM32F401xE -c -I../Core/Inc -I"D:/Workspace/FreeRTOS_WS/my_WS/FreeRTOS_Workspace/001_Task/001_Task/Third Party" -I"D:/Workspace/FreeRTOS_WS/my_WS/FreeRTOS_Workspace/001_Task/001_Task/Third Party/include" -I"D:/Workspace/FreeRTOS_WS/my_WS/FreeRTOS_Workspace/001_Task/001_Task/Third Party/portable/GCC/ARM_CM4F" -I../Drivers/STM32F4xx_HAL_Driver/Inc -I../Drivers/STM32F4xx_HAL_Driver/Inc/Legacy -I../Drivers/CMSIS/Device/ST/STM32F4xx/Include -I../Drivers/CMSIS/Include -O0 -ffunction-sections -fdata-sections -Wall -fstack-usage -fcyclomatic-complexity -MMD -MP -MF"Drivers/STM32F4xx_HAL_Driver/Src/stm32f4xx_hal_flash_ramfunc.d" -MT"Drivers/STM32F4xx_HAL_Driver/Src/stm32f4xx_hal_flash_ramfunc.o" --specs=nano.specs -mfpu=fpv4-sp-d16 -mfloat-abi=hard -mthumb -o "Drivers/STM32F4xx_HAL_Driver/Src/stm32f4xx_hal_flash_ramfunc.o"
arm-none-eabi-gcc "../Drivers/STM32F4xx_HAL_Driver/Src/stm32f4xx_hal_gpio.c" -mcpu=cortex-m4 -std=gnu11 -g3 -DDEBUG -DUSE_HAL_DRIVER -DSTM32F401xE -c -I../Core/Inc -I"D:/Workspace/FreeRTOS_WS/my_WS/FreeRTOS_Workspace/001_Task/001_Task/Third Party" -I"D:/Workspace/FreeRTOS_WS/my_WS/FreeRTOS_Workspace/001_Task/001_Task/Third Party/include" -I"D:/Workspace/FreeRTOS_WS/my_WS/FreeRTOS_Workspace/001_Task/001_Task/Third Party/portable/GCC/ARM_CM4F" -I../Drivers/STM32F4xx_HAL_Driver/Inc -I../Drivers/STM32F4xx_HAL_Driver/Inc/Legacy -I../Drivers/CMSIS/Device/ST/STM32F4xx/Include -I../Drivers/CMSIS/Include -O0 -ffunction-sections -fdata-sections -Wall -fstack-usage -fcyclomatic-complexity -MMD -MP -MF"Drivers/STM32F4xx_HAL_Driver/Src/stm32f4xx_hal_gpio.d" -MT"Drivers/STM32F4xx_HAL_Driver/Src/stm32f4xx_hal_gpio.o" --specs=nano.specs -mfpu=fpv4-sp-d16 -mfloat-abi=hard -mthumb -o "Drivers/STM32F4xx_HAL_Driver/Src/stm32f4xx_hal_gpio.o"
arm-none-eabi-gcc "../Drivers/STM32F4xx_HAL_Driver/Src/stm32f4xx_hal_pwr.c" -mcpu=cortex-m4 -std=gnu11 -g3 -DDEBUG -DUSE_HAL_DRIVER -DSTM32F401xE -c -I../Core/Inc -I"D:/Workspace/FreeRTOS_WS/my_WS/FreeRTOS_Workspace/001_Task/001_Task/Third Party" -I"D:/Workspace/FreeRTOS_WS/my_WS/FreeRTOS_Workspace/001_Task/001_Task/Third Party/include" -I"D:/Workspace/FreeRTOS_WS/my_WS/FreeRTOS_Workspace/001_Task/001_Task/Third Party/portable/GCC/ARM_CM4F" -I../Drivers/STM32F4xx_HAL_Driver/Inc -I../Drivers/STM32F4xx_HAL_Driver/Inc/Legacy -I../Drivers/CMSIS/Device/ST/STM32F4xx/Include -I../Drivers/CMSIS/Include -O0 -ffunction-sections -fdata-sections -Wall -fstack-usage -fcyclomatic-complexity -MMD -MP -MF"Drivers/STM32F4xx_HAL_Driver/Src/stm32f4xx_hal_pwr.d" -MT"Drivers/STM32F4xx_HAL_Driver/Src/stm32f4xx_hal_pwr.o" --specs=nano.specs -mfpu=fpv4-sp-d16 -mfloat-abi=hard -mthumb -o "Drivers/STM32F4xx_HAL_Driver/Src/stm32f4xx_hal_pwr.o"
arm-none-eabi-gcc "../Drivers/STM32F4xx_HAL_Driver/Src/stm32f4xx_hal_pwr_ex.c" -mcpu=cortex-m4 -std=gnu11 -g3 -DDEBUG -DUSE_HAL_DRIVER -DSTM32F401xE -c -I../Core/Inc -I"D:/Workspace/FreeRTOS_WS/my_WS/FreeRTOS_Workspace/001_Task/001_Task/Third Party" -I"D:/Workspace/FreeRTOS_WS/my_WS/FreeRTOS_Workspace/001_Task/001_Task/Third Party/include" -I"D:/Workspace/FreeRTOS_WS/my_WS/FreeRTOS_Workspace/001_Task/001_Task/Third Party/portable/GCC/ARM_CM4F" -I../Drivers/STM32F4xx_HAL_Driver/Inc -I../Drivers/STM32F4xx_HAL_Driver/Inc/Legacy -I../Drivers/CMSIS/Device/ST/STM32F4xx/Include -I../Drivers/CMSIS/Include -O0 -ffunction-sections -fdata-sections -Wall -fstack-usage -fcyclomatic-complexity -MMD -MP -MF"Drivers/STM32F4xx_HAL_Driver/Src/stm32f4xx_hal_pwr_ex.d" -MT"Drivers/STM32F4xx_HAL_Driver/Src/stm32f4xx_hal_pwr_ex.o" --specs=nano.specs -mfpu=fpv4-sp-d16 -mfloat-abi=hard -mthumb -o "Drivers/STM32F4xx_HAL_Driver/Src/stm32f4xx_hal_pwr_ex.o"
arm-none-eabi-gcc "../Drivers/STM32F4xx_HAL_Driver/Src/stm32f4xx_hal_rcc.c" -mcpu=cortex-m4 -std=gnu11 -g3 -DDEBUG -DUSE_HAL_DRIVER -DSTM32F401xE -c -I../Core/Inc -I"D:/Workspace/FreeRTOS_WS/my_WS/FreeRTOS_Workspace/001_Task/001_Task/Third Party" -I"D:/Workspace/FreeRTOS_WS/my_WS/FreeRTOS_Workspace/001_Task/001_Task/Third Party/include" -I"D:/Workspace/FreeRTOS_WS/my_WS/FreeRTOS_Workspace/001_Task/001_Task/Third Party/portable/GCC/ARM_CM4F" -I../Drivers/STM32F4xx_HAL_Driver/Inc -I../Drivers/STM32F4xx_HAL_Driver/Inc/Legacy -I../Drivers/CMSIS/Device/ST/STM32F4xx/Include -I../Drivers/CMSIS/Include -O0 -ffunction-sections -fdata-sections -Wall -fstack-usage -fcyclomatic-complexity -MMD -MP -MF"Drivers/STM32F4xx_HAL_Driver/Src/stm32f4xx_hal_rcc.d" -MT"Drivers/STM32F4xx_HAL_Driver/Src/stm32f4xx_hal_rcc.o" --specs=nano.specs -mfpu=fpv4-sp-d16 -mfloat-abi=hard -mthumb -o "Drivers/STM32F4xx_HAL_Driver/Src/stm32f4xx_hal_rcc.o"
arm-none-eabi-gcc "../Drivers/STM32F4xx_HAL_Driver/Src/stm32f4xx_hal_rcc_ex.c" -mcpu=cortex-m4 -std=gnu11 -g3 -DDEBUG -DUSE_HAL_DRIVER -DSTM32F401xE -c -I../Core/Inc -I"D:/Workspace/FreeRTOS_WS/my_WS/FreeRTOS_Workspace/001_Task/001_Task/Third Party" -I"D:/Workspace/FreeRTOS_WS/my_WS/FreeRTOS_Workspace/001_Task/001_Task/Third Party/include" -I"D:/Workspace/FreeRTOS_WS/my_WS/FreeRTOS_Workspace/001_Task/001_Task/Third Party/portable/GCC/ARM_CM4F" -I../Drivers/STM32F4xx_HAL_Driver/Inc -I../Drivers/STM32F4xx_HAL_Driver/Inc/Legacy -I../Drivers/CMSIS/Device/ST/STM32F4xx/Include -I../Drivers/CMSIS/Include -O0 -ffunction-sections -fdata-sections -Wall -fstack-usage -fcyclomatic-complexity -MMD -MP -MF"Drivers/STM32F4xx_HAL_Driver/Src/stm32f4xx_hal_rcc_ex.d" -MT"Drivers/STM32F4xx_HAL_Driver/Src/stm32f4xx_hal_rcc_ex.o" --specs=nano.specs -mfpu=fpv4-sp-d16 -mfloat-abi=hard -mthumb -o "Drivers/STM32F4xx_HAL_Driver/Src/stm32f4xx_hal_rcc_ex.o"
arm-none-eabi-gcc "../Drivers/STM32F4xx_HAL_Driver/Src/stm32f4xx_hal_tim.c" -mcpu=cortex-m4 -std=gnu11 -g3 -DDEBUG -DUSE_HAL_DRIVER -DSTM32F401xE -c -I../Core/Inc -I"D:/Workspace/FreeRTOS_WS/my_WS/FreeRTOS_Workspace/001_Task/001_Task/Third Party" -I"D:/Workspace/FreeRTOS_WS/my_WS/FreeRTOS_Workspace/001_Task/001_Task/Third Party/include" -I"D:/Workspace/FreeRTOS_WS/my_WS/FreeRTOS_Workspace/001_Task/001_Task/Third Party/portable/GCC/ARM_CM4F" -I../Drivers/STM32F4xx_HAL_Driver/Inc -I../Drivers/STM32F4xx_HAL_Driver/Inc/Legacy -I../Drivers/CMSIS/Device/ST/STM32F4xx/Include -I../Drivers/CMSIS/Include -O0 -ffunction-sections -fdata-sections -Wall -fstack-usage -fcyclomatic-complexity -MMD -MP -MF"Drivers/STM32F4xx_HAL_Driver/Src/stm32f4xx_hal_tim.d" -MT"Drivers/STM32F4xx_HAL_Driver/Src/stm32f4xx_hal_tim.o" --specs=nano.specs -mfpu=fpv4-sp-d16 -mfloat-abi=hard -mthumb -o "Drivers/STM32F4xx_HAL_Driver/Src/stm32f4xx_hal_tim.o"
arm-none-eabi-gcc "../Drivers/STM32F4xx_HAL_Driver/Src/stm32f4xx_hal_tim_ex.c" -mcpu=cortex-m4 -std=gnu11 -g3 -DDEBUG -DUSE_HAL_DRIVER -DSTM32F401xE -c -I../Core/Inc -I"D:/Workspace/FreeRTOS_WS/my_WS/FreeRTOS_Workspace/001_Task/001_Task/Third Party" -I"D:/Workspace/FreeRTOS_WS/my_WS/FreeRTOS_Workspace/001_Task/001_Task/Third Party/include" -I"D:/Workspace/FreeRTOS_WS/my_WS/FreeRTOS_Workspace/001_Task/001_Task/Third Party/portable/GCC/ARM_CM4F" -I../Drivers/STM32F4xx_HAL_Driver/Inc -I../Drivers/STM32F4xx_HAL_Driver/Inc/Legacy -I../Drivers/CMSIS/Device/ST/STM32F4xx/Include -I../Drivers/CMSIS/Include -O0 -ffunction-sections -fdata-sections -Wall -fstack-usage -fcyclomatic-complexity -MMD -MP -MF"Drivers/STM32F4xx_HAL_Driver/Src/stm32f4xx_hal_tim_ex.d" -MT"Drivers/STM32F4xx_HAL_Driver/Src/stm32f4xx_hal_tim_ex.o" --specs=nano.specs -mfpu=fpv4-sp-d16 -mfloat-abi=hard -mthumb -o "Drivers/STM32F4xx_HAL_Driver/Src/stm32f4xx_hal_tim_ex.o"
arm-none-eabi-gcc -mcpu=cortex-m4 -g3 -DDEBUG -c -x assembler-with-cpp -MMD -MP -MF"Core/Startup/startup_stm32f401retx.d" -MT"Core/Startup/startup_stm32f401retx.o" --specs=nano.specs -mfpu=fpv4-sp-d16 -mfloat-abi=hard -mthumb -o "Core/Startup/startup_stm32f401retx.o" "../Core/Startup/startup_stm32f401retx.s"
arm-none-eabi-gcc "../Core/Src/main.c" -mcpu=cortex-m4 -std=gnu11 -g3 -DDEBUG -DUSE_HAL_DRIVER -DSTM32F401xE -c -I../Core/Inc -I"D:/Workspace/FreeRTOS_WS/my_WS/FreeRTOS_Workspace/001_Task/001_Task/Third Party" -I"D:/Workspace/FreeRTOS_WS/my_WS/FreeRTOS_Workspace/001_Task/001_Task/Third Party/include" -I"D:/Workspace/FreeRTOS_WS/my_WS/FreeRTOS_Workspace/001_Task/001_Task/Third Party/portable/GCC/ARM_CM4F" -I../Drivers/STM32F4xx_HAL_Driver/Inc -I../Drivers/STM32F4xx_HAL_Driver/Inc/Legacy -I../Drivers/CMSIS/Device/ST/STM32F4xx/Include -I../Drivers/CMSIS/Include -O0 -ffunction-sections -fdata-sections -Wall -fstack-usage -fcyclomatic-complexity -MMD -MP -MF"Core/Src/main.d" -MT"Core/Src/main.o" --specs=nano.specs -mfpu=fpv4-sp-d16 -mfloat-abi=hard -mthumb -o "Core/Src/main.o"
arm-none-eabi-gcc "../Core/Src/stm32f4xx_hal_msp.c" -mcpu=cortex-m4 -std=gnu11 -g3 -DDEBUG -DUSE_HAL_DRIVER -DSTM32F401xE -c -I../Core/Inc -I"D:/Workspace/FreeRTOS_WS/my_WS/FreeRTOS_Workspace/001_Task/001_Task/Third Party" -I"D:/Workspace/FreeRTOS_WS/my_WS/FreeRTOS_Workspace/001_Task/001_Task/Third Party/include" -I"D:/Workspace/FreeRTOS_WS/my_WS/FreeRTOS_Workspace/001_Task/001_Task/Third Party/portable/GCC/ARM_CM4F" -I../Drivers/STM32F4xx_HAL_Driver/Inc -I../Drivers/STM32F4xx_HAL_Driver/Inc/Legacy -I../Drivers/CMSIS/Device/ST/STM32F4xx/Include -I../Drivers/CMSIS/Include -O0 -ffunction-sections -fdata-sections -Wall -fstack-usage -fcyclomatic-complexity -MMD -MP -MF"Core/Src/stm32f4xx_hal_msp.d" -MT"Core/Src/stm32f4xx_hal_msp.o" --specs=nano.specs -mfpu=fpv4-sp-d16 -mfloat-abi=hard -mthumb -o "Core/Src/stm32f4xx_hal_msp.o"
arm-none-eabi-gcc "../Core/Src/stm32f4xx_hal_timebase_tim.c" -mcpu=cortex-m4 -std=gnu11 -g3 -DDEBUG -DUSE_HAL_DRIVER -DSTM32F401xE -c -I../Core/Inc -I"D:/Workspace/FreeRTOS_WS/my_WS/FreeRTOS_Workspace/001_Task/001_Task/Third Party" -I"D:/Workspace/FreeRTOS_WS/my_WS/FreeRTOS_Workspace/001_Task/001_Task/Third Party/include" -I"D:/Workspace/FreeRTOS_WS/my_WS/FreeRTOS_Workspace/001_Task/001_Task/Third Party/portable/GCC/ARM_CM4F" -I../Drivers/STM32F4xx_HAL_Driver/Inc -I../Drivers/STM32F4xx_HAL_Driver/Inc/Legacy -I../Drivers/CMSIS/Device/ST/STM32F4xx/Include -I../Drivers/CMSIS/Include -O0 -ffunction-sections -fdata-sections -Wall -fstack-usage -fcyclomatic-complexity -MMD -MP -MF"Core/Src/stm32f4xx_hal_timebase_tim.d" -MT"Core/Src/stm32f4xx_hal_timebase_tim.o" --specs=nano.specs -mfpu=fpv4-sp-d16 -mfloat-abi=hard -mthumb -o "Core/Src/stm32f4xx_hal_timebase_tim.o"
arm-none-eabi-gcc "../Core/Src/stm32f4xx_it.c" -mcpu=cortex-m4 -std=gnu11 -g3 -DDEBUG -DUSE_HAL_DRIVER -DSTM32F401xE -c -I../Core/Inc -I"D:/Workspace/FreeRTOS_WS/my_WS/FreeRTOS_Workspace/001_Task/001_Task/Third Party" -I"D:/Workspace/FreeRTOS_WS/my_WS/FreeRTOS_Workspace/001_Task/001_Task/Third Party/include" -I"D:/Workspace/FreeRTOS_WS/my_WS/FreeRTOS_Workspace/001_Task/001_Task/Third Party/portable/GCC/ARM_CM4F" -I../Drivers/STM32F4xx_HAL_Driver/Inc -I../Drivers/STM32F4xx_HAL_Driver/Inc/Legacy -I../Drivers/CMSIS/Device/ST/STM32F4xx/Include -I../Drivers/CMSIS/Include -O0 -ffunction-sections -fdata-sections -Wall -fstack-usage -fcyclomatic-complexity -MMD -MP -MF"Core/Src/stm32f4xx_it.d" -MT"Core/Src/stm32f4xx_it.o" --specs=nano.specs -mfpu=fpv4-sp-d16 -mfloat-abi=hard -mthumb -o "Core/Src/stm32f4xx_it.o"
arm-none-eabi-gcc "../Core/Src/syscalls.c" -mcpu=cortex-m4 -std=gnu11 -g3 -DDEBUG -DUSE_HAL_DRIVER -DSTM32F401xE -c -I../Core/Inc -I"D:/Workspace/FreeRTOS_WS/my_WS/FreeRTOS_Workspace/001_Task/001_Task/Third Party" -I"D:/Workspace/FreeRTOS_WS/my_WS/FreeRTOS_Workspace/001_Task/001_Task/Third Party/include" -I"D:/Workspace/FreeRTOS_WS/my_WS/FreeRTOS_Workspace/001_Task/001_Task/Third Party/portable/GCC/ARM_CM4F" -I../Drivers/STM32F4xx_HAL_Driver/Inc -I../Drivers/STM32F4xx_HAL_Driver/Inc/Legacy -I../Drivers/CMSIS/Device/ST/STM32F4xx/Include -I../Drivers/CMSIS/Include -O0 -ffunction-sections -fdata-sections -Wall -fstack-usage -fcyclomatic-complexity -MMD -MP -MF"Core/Src/syscalls.d" -MT"Core/Src/syscalls.o" --specs=nano.specs -mfpu=fpv4-sp-d16 -mfloat-abi=hard -mthumb -o "Core/Src/syscalls.o"
arm-none-eabi-gcc "../Core/Src/system_stm32f4xx.c" -mcpu=cortex-m4 -std=gnu11 -g3 -DDEBUG -DUSE_HAL_DRIVER -DSTM32F401xE -c -I../Core/Inc -I"D:/Workspace/FreeRTOS_WS/my_WS/FreeRTOS_Workspace/001_Task/001_Task/Third Party" -I"D:/Workspace/FreeRTOS_WS/my_WS/FreeRTOS_Workspace/001_Task/001_Task/Third Party/include" -I"D:/Workspace/FreeRTOS_WS/my_WS/FreeRTOS_Workspace/001_Task/001_Task/Third Party/portable/GCC/ARM_CM4F" -I../Drivers/STM32F4xx_HAL_Driver/Inc -I../Drivers/STM32F4xx_HAL_Driver/Inc/Legacy -I../Drivers/CMSIS/Device/ST/STM32F4xx/Include -I../Drivers/CMSIS/Include -O0 -ffunction-sections -fdata-sections -Wall -fstack-usage -fcyclomatic-complexity -MMD -MP -MF"Core/Src/system_stm32f4xx.d" -MT"Core/Src/system_stm32f4xx.o" --specs=nano.specs -mfpu=fpv4-sp-d16 -mfloat-abi=hard -mthumb -o "Core/Src/system_stm32f4xx.o"
arm-none-eabi-gcc -o "001_Task.elf" @"objects.list"   -mcpu=cortex-m4 -T"D:\Workspace\FreeRTOS_WS\my_WS\FreeRTOS_Workspace\001_Task\001_Task\STM32F401RETX_FLASH.ld" --specs=nosys.specs -Wl,-Map="001_Task.map" -Wl,--gc-sections -static --specs=nano.specs -mfpu=fpv4-sp-d16 -mfloat-abi=hard -mthumb -Wl,--start-group -lc -lm -Wl,--end-group
Finished building target: 001_Task.elf
 
arm-none-eabi-size   001_Task.elf 
arm-none-eabi-objdump -h -S  001_Task.elf  > "001_Task.list"
   text	   data	    bss	    dec	    hex	filename
   7328	     20	   1780	   9128	   23a8	001_Task.elf
Finished building: default.size.stdout
 
Finished building: 001_Task.list
 
00:05:39 **** Incremental Build of configuration Debug for project 001_Task ****
make -j4 all 
arm-none-eabi-gcc "../Core/Src/main.c" -mcpu=cortex-m4 -std=gnu11 -g3 -DDEBUG -DUSE_HAL_DRIVER -DSTM32F401xE -c -I../Core/Inc -I"D:/Workspace/FreeRTOS_WS/my_WS/FreeRTOS_Workspace/001_Task/001_Task/Third Party" -I"D:/Workspace/FreeRTOS_WS/my_WS/FreeRTOS_Workspace/001_Task/001_Task/Third Party/include" -I"D:/Workspace/FreeRTOS_WS/my_WS/FreeRTOS_Workspace/001_Task/001_Task/Third Party/portable/GCC/ARM_CM4F" -I../Drivers/STM32F4xx_HAL_Driver/Inc -I../Drivers/STM32F4xx_HAL_Driver/Inc/Legacy -I../Drivers/CMSIS/Device/ST/STM32F4xx/Include -I../Drivers/CMSIS/Include -O0 -ffunction-sections -fdata-sections -Wall -fstack-usage -fcyclomatic-complexity -MMD -MP -MF"Core/Src/main.d" -MT"Core/Src/main.o" --specs=nano.specs -mfpu=fpv4-sp-d16 -mfloat-abi=hard -mthumb -o "Core/Src/main.o"
../Core/Src/main.c:53:13: warning: 'task1_handler' used but never defined
   53 | static void task1_handler(void* parameter);
      |             ^~~~~~~~~~~~~
../Core/Src/main.c:54:13: warning: 'task2_handler' used but never defined
   54 | static void task2_handler(void* parameter);
      |             ^~~~~~~~~~~~~
arm-none-eabi-gcc -o "001_Task.elf" @"objects.list"   -mcpu=cortex-m4 -T"D:\Workspace\FreeRTOS_WS\my_WS\FreeRTOS_Workspace\001_Task\001_Task\STM32F401RETX_FLASH.ld" --specs=nosys.specs -Wl,-Map="001_Task.map" -Wl,--gc-sections -static --specs=nano.specs -mfpu=fpv4-sp-d16 -mfloat-abi=hard -mthumb -Wl,--start-group -lc -lm -Wl,--end-group
c:\st\stm32cubeide_1.12.1\stm32cubeide\plugins\com.st.stm32cube.ide.mcu.externaltools.gnu-tools-for-stm32.10.3-2021.10.win32_1.0.200.202301161003\tools\arm-none-eabi\bin\ld.exe: ./Core/Src/main.o: in function `main':
D:/Workspace/FreeRTOS_WS/my_WS/FreeRTOS_Workspace/001_Task/001_Task/Debug/../Core/Src/main.c:106: undefined reference to `task1_handler'
c:\st\stm32cubeide_1.12.1\stm32cubeide\plugins\com.st.stm32cube.ide.mcu.externaltools.gnu-tools-for-stm32.10.3-2021.10.win32_1.0.200.202301161003\tools\arm-none-eabi\bin\ld.exe: D:/Workspace/FreeRTOS_WS/my_WS/FreeRTOS_Workspace/001_Task/001_Task/Debug/../Core/Src/main.c:106: undefined reference to `task2_handler'
collect2.exe: error: ld returned 1 exit status
make: *** [makefile:67: 001_Task.elf] Error 1
"make -j4 all" terminated with exit code 2. Build might be incomplete.
00:16:06 **** Incremental Build of configuration Debug for project 001_Task ****
make -j4 all 
arm-none-eabi-gcc "../Core/Src/main.c" -mcpu=cortex-m4 -std=gnu11 -g3 -DDEBUG -DUSE_HAL_DRIVER -DSTM32F401xE -c -I../Core/Inc -I"D:/Workspace/FreeRTOS_WS/my_WS/FreeRTOS_Workspace/001_Task/001_Task/Third Party" -I"D:/Workspace/FreeRTOS_WS/my_WS/FreeRTOS_Workspace/001_Task/001_Task/Third Party/include" -I"D:/Workspace/FreeRTOS_WS/my_WS/FreeRTOS_Workspace/001_Task/001_Task/Third Party/portable/GCC/ARM_CM4F" -I../Drivers/STM32F4xx_HAL_Driver/Inc -I../Drivers/STM32F4xx_HAL_Driver/Inc/Legacy -I../Drivers/CMSIS/Device/ST/STM32F4xx/Include -I../Drivers/CMSIS/Include -O0 -ffunction-sections -fdata-sections -Wall -fstack-usage -fcyclomatic-complexity -MMD -MP -MF"Core/Src/main.d" -MT"Core/Src/main.o" --specs=nano.specs -mfpu=fpv4-sp-d16 -mfloat-abi=hard -mthumb -o "Core/Src/main.o"
arm-none-eabi-gcc "../Core/Src/syscalls.c" -mcpu=cortex-m4 -std=gnu11 -g3 -DDEBUG -DUSE_HAL_DRIVER -DSTM32F401xE -c -I../Core/Inc -I"D:/Workspace/FreeRTOS_WS/my_WS/FreeRTOS_Workspace/001_Task/001_Task/Third Party" -I"D:/Workspace/FreeRTOS_WS/my_WS/FreeRTOS_Workspace/001_Task/001_Task/Third Party/include" -I"D:/Workspace/FreeRTOS_WS/my_WS/FreeRTOS_Workspace/001_Task/001_Task/Third Party/portable/GCC/ARM_CM4F" -I../Drivers/STM32F4xx_HAL_Driver/Inc -I../Drivers/STM32F4xx_HAL_Driver/Inc/Legacy -I../Drivers/CMSIS/Device/ST/STM32F4xx/Include -I../Drivers/CMSIS/Include -O0 -ffunction-sections -fdata-sections -Wall -fstack-usage -fcyclomatic-complexity -MMD -MP -MF"Core/Src/syscalls.d" -MT"Core/Src/syscalls.o" --specs=nano.specs -mfpu=fpv4-sp-d16 -mfloat-abi=hard -mthumb -o "Core/Src/syscalls.o"
../Core/Src/main.c: In function 'task1_handler':
../Core/Src/main.c:161:3: warning: implicit declaration of function 'printf' [-Wimplicit-function-declaration]
  161 |   printf("%s\n", (char*)parameter);
      |   ^~~~~~
../Core/Src/main.c:161:3: warning: incompatible implicit declaration of built-in function 'printf'
../Core/Src/main.c:26:1: note: include '<stdio.h>' or provide a declaration of 'printf'
   25 | #include "task.h"
  +++ |+#include <stdio.h>
   26 | /* USER CODE END Includes */
../Core/Src/main.c: In function 'task2_handler':
../Core/Src/main.c:168:3: warning: incompatible implicit declaration of built-in function 'printf'
  168 |   printf("%s\n", (char*)parameter);
      |   ^~~~~~
../Core/Src/main.c:168:3: note: include '<stdio.h>' or provide a declaration of 'printf'
arm-none-eabi-gcc -o "001_Task.elf" @"objects.list"   -mcpu=cortex-m4 -T"D:\Workspace\FreeRTOS_WS\my_WS\FreeRTOS_Workspace\001_Task\001_Task\STM32F401RETX_FLASH.ld" --specs=nosys.specs -Wl,-Map="001_Task.map" -Wl,--gc-sections -static --specs=nano.specs -mfpu=fpv4-sp-d16 -mfloat-abi=hard -mthumb -Wl,--start-group -lc -lm -Wl,--end-group
Finished building target: 001_Task.elf
 
arm-none-eabi-size   001_Task.elf 
arm-none-eabi-objdump -h -S  001_Task.elf  > "001_Task.list"
   text	   data	    bss	    dec	    hex	filename
  18412	    128	  12320	  30860	   788c	001_Task.elf
Finished building: default.size.stdout
 
Finished building: 001_Task.list
 
00:17:05 **** Incremental Build of configuration Debug for project 001_Task ****
make -j4 all 
arm-none-eabi-gcc "../Core/Src/main.c" -mcpu=cortex-m4 -std=gnu11 -g3 -DDEBUG -DUSE_HAL_DRIVER -DSTM32F401xE -c -I../Core/Inc -I"D:/Workspace/FreeRTOS_WS/my_WS/FreeRTOS_Workspace/001_Task/001_Task/Third Party" -I"D:/Workspace/FreeRTOS_WS/my_WS/FreeRTOS_Workspace/001_Task/001_Task/Third Party/include" -I"D:/Workspace/FreeRTOS_WS/my_WS/FreeRTOS_Workspace/001_Task/001_Task/Third Party/portable/GCC/ARM_CM4F" -I../Drivers/STM32F4xx_HAL_Driver/Inc -I../Drivers/STM32F4xx_HAL_Driver/Inc/Legacy -I../Drivers/CMSIS/Device/ST/STM32F4xx/Include -I../Drivers/CMSIS/Include -O0 -ffunction-sections -fdata-sections -Wall -fstack-usage -fcyclomatic-complexity -MMD -MP -MF"Core/Src/main.d" -MT"Core/Src/main.o" --specs=nano.specs -mfpu=fpv4-sp-d16 -mfloat-abi=hard -mthumb -o "Core/Src/main.o"
arm-none-eabi-gcc -o "001_Task.elf" @"objects.list"   -mcpu=cortex-m4 -T"D:\Workspace\FreeRTOS_WS\my_WS\FreeRTOS_Workspace\001_Task\001_Task\STM32F401RETX_FLASH.ld" --specs=nosys.specs -Wl,-Map="001_Task.map" -Wl,--gc-sections -static --specs=nano.specs -mfpu=fpv4-sp-d16 -mfloat-abi=hard -mthumb -Wl,--start-group -lc -lm -Wl,--end-group
Finished building target: 001_Task.elf
 
arm-none-eabi-size   001_Task.elf 
arm-none-eabi-objdump -h -S  001_Task.elf  > "001_Task.list"
   text	   data	    bss	    dec	    hex	filename
  18412	    128	  12320	  30860	   788c	001_Task.elf
Finished building: default.size.stdout
 
Finished building: 001_Task.list
 
00:19:05 **** Incremental Build of configuration Debug for project 001_Task ****
make -j4 all 
arm-none-eabi-size   001_Task.elf 
   text	   data	    bss	    dec	    hex	filename
  18412	    128	  12320	  30860	   788c	001_Task.elf
Finished building: default.size.stdout
 
00:21:48 **** Incremental Build of configuration Debug for project 001_Task ****
make -j4 all 
arm-none-eabi-gcc "../Core/Src/main.c" -mcpu=cortex-m4 -std=gnu11 -g3 -DDEBUG -DUSE_HAL_DRIVER -DSTM32F401xE -c -I../Core/Inc -I"D:/Workspace/FreeRTOS_WS/my_WS/FreeRTOS_Workspace/001_Task/001_Task/Third Party" -I"D:/Workspace/FreeRTOS_WS/my_WS/FreeRTOS_Workspace/001_Task/001_Task/Third Party/include" -I"D:/Workspace/FreeRTOS_WS/my_WS/FreeRTOS_Workspace/001_Task/001_Task/Third Party/portable/GCC/ARM_CM4F" -I../Drivers/STM32F4xx_HAL_Driver/Inc -I../Drivers/STM32F4xx_HAL_Driver/Inc/Legacy -I../Drivers/CMSIS/Device/ST/STM32F4xx/Include -I../Drivers/CMSIS/Include -O0 -ffunction-sections -fdata-sections -Wall -fstack-usage -fcyclomatic-complexity -MMD -MP -MF"Core/Src/main.d" -MT"Core/Src/main.o" --specs=nano.specs -mfpu=fpv4-sp-d16 -mfloat-abi=hard -mthumb -o "Core/Src/main.o"
arm-none-eabi-gcc -o "001_Task.elf" @"objects.list"   -mcpu=cortex-m4 -T"D:\Workspace\FreeRTOS_WS\my_WS\FreeRTOS_Workspace\001_Task\001_Task\STM32F401RETX_FLASH.ld" --specs=nosys.specs -Wl,-Map="001_Task.map" -Wl,--gc-sections -static --specs=nano.specs -mfpu=fpv4-sp-d16 -mfloat-abi=hard -mthumb -Wl,--start-group -lc -lm -Wl,--end-group
Finished building target: 001_Task.elf
 
arm-none-eabi-size   001_Task.elf 
arm-none-eabi-objdump -h -S  001_Task.elf  > "001_Task.list"
   text	   data	    bss	    dec	    hex	filename
  18444	    128	  12320	  30892	   78ac	001_Task.elf
Finished building: default.size.stdout
 
Finished building: 001_Task.list
 
00:22:19 **** Incremental Build of configuration Debug for project 001_Task ****
make -j4 all 
arm-none-eabi-size   001_Task.elf 
   text	   data	    bss	    dec	    hex	filename
  18444	    128	  12320	  30892	   78ac	001_Task.elf
Finished building: default.size.stdout
 
00:23:17 **** Incremental Build of configuration Debug for project 001_Task ****
make -j4 all 
arm-none-eabi-gcc "../Core/Src/main.c" -mcpu=cortex-m4 -std=gnu11 -g3 -DDEBUG -DUSE_HAL_DRIVER -DSTM32F401xE -c -I../Core/Inc -I"D:/Workspace/FreeRTOS_WS/my_WS/FreeRTOS_Workspace/001_Task/001_Task/Third Party" -I"D:/Workspace/FreeRTOS_WS/my_WS/FreeRTOS_Workspace/001_Task/001_Task/Third Party/include" -I"D:/Workspace/FreeRTOS_WS/my_WS/FreeRTOS_Workspace/001_Task/001_Task/Third Party/portable/GCC/ARM_CM4F" -I../Drivers/STM32F4xx_HAL_Driver/Inc -I../Drivers/STM32F4xx_HAL_Driver/Inc/Legacy -I../Drivers/CMSIS/Device/ST/STM32F4xx/Include -I../Drivers/CMSIS/Include -O0 -ffunction-sections -fdata-sections -Wall -fstack-usage -fcyclomatic-complexity -MMD -MP -MF"Core/Src/main.d" -MT"Core/Src/main.o" --specs=nano.specs -mfpu=fpv4-sp-d16 -mfloat-abi=hard -mthumb -o "Core/Src/main.o"
arm-none-eabi-gcc -o "001_Task.elf" @"objects.list"   -mcpu=cortex-m4 -T"D:\Workspace\FreeRTOS_WS\my_WS\FreeRTOS_Workspace\001_Task\001_Task\STM32F401RETX_FLASH.ld" --specs=nosys.specs -Wl,-Map="001_Task.map" -Wl,--gc-sections -static --specs=nano.specs -mfpu=fpv4-sp-d16 -mfloat-abi=hard -mthumb -Wl,--start-group -lc -lm -Wl,--end-group
Finished building target: 001_Task.elf
 
arm-none-eabi-size   001_Task.elf 
arm-none-eabi-objdump -h -S  001_Task.elf  > "001_Task.list"
   text	   data	    bss	    dec	    hex	filename
  18444	    128	  12320	  30892	   78ac	001_Task.elf
Finished building: default.size.stdout
 
Finished building: 001_Task.list
 
00:27:12 **** Incremental Build of configuration Debug for project 001_Task ****
make -j4 all 
arm-none-eabi-gcc "../Core/Src/main.c" -mcpu=cortex-m4 -std=gnu11 -g3 -DDEBUG -DUSE_HAL_DRIVER -DSTM32F401xE -c -I../Core/Inc -I"D:/Workspace/FreeRTOS_WS/my_WS/FreeRTOS_Workspace/001_Task/001_Task/Third Party" -I"D:/Workspace/FreeRTOS_WS/my_WS/FreeRTOS_Workspace/001_Task/001_Task/Third Party/include" -I"D:/Workspace/FreeRTOS_WS/my_WS/FreeRTOS_Workspace/001_Task/001_Task/Third Party/portable/GCC/ARM_CM4F" -I../Drivers/STM32F4xx_HAL_Driver/Inc -I../Drivers/STM32F4xx_HAL_Driver/Inc/Legacy -I../Drivers/CMSIS/Device/ST/STM32F4xx/Include -I../Drivers/CMSIS/Include -O0 -ffunction-sections -fdata-sections -Wall -fstack-usage -fcyclomatic-complexity -MMD -MP -MF"Core/Src/main.d" -MT"Core/Src/main.o" --specs=nano.specs -mfpu=fpv4-sp-d16 -mfloat-abi=hard -mthumb -o "Core/Src/main.o"
arm-none-eabi-gcc -o "001_Task.elf" @"objects.list"   -mcpu=cortex-m4 -T"D:\Workspace\FreeRTOS_WS\my_WS\FreeRTOS_Workspace\001_Task\001_Task\STM32F401RETX_FLASH.ld" --specs=nosys.specs -Wl,-Map="001_Task.map" -Wl,--gc-sections -static --specs=nano.specs -mfpu=fpv4-sp-d16 -mfloat-abi=hard -mthumb -Wl,--start-group -lc -lm -Wl,--end-group
Finished building target: 001_Task.elf
 
arm-none-eabi-size   001_Task.elf 
arm-none-eabi-objdump -h -S  001_Task.elf  > "001_Task.list"
   text	   data	    bss	    dec	    hex	filename
  18444	    128	  12320	  30892	   78ac	001_Task.elf
Finished building: default.size.stdout
 
Finished building: 001_Task.list
 
00:28:34 **** Incremental Build of configuration Debug for project 001_Task ****
make -j4 all 
arm-none-eabi-gcc "../Core/Src/main.c" -mcpu=cortex-m4 -std=gnu11 -g3 -DDEBUG -DUSE_HAL_DRIVER -DSTM32F401xE -c -I../Core/Inc -I"D:/Workspace/FreeRTOS_WS/my_WS/FreeRTOS_Workspace/001_Task/001_Task/Third Party" -I"D:/Workspace/FreeRTOS_WS/my_WS/FreeRTOS_Workspace/001_Task/001_Task/Third Party/include" -I"D:/Workspace/FreeRTOS_WS/my_WS/FreeRTOS_Workspace/001_Task/001_Task/Third Party/portable/GCC/ARM_CM4F" -I../Drivers/STM32F4xx_HAL_Driver/Inc -I../Drivers/STM32F4xx_HAL_Driver/Inc/Legacy -I../Drivers/CMSIS/Device/ST/STM32F4xx/Include -I../Drivers/CMSIS/Include -O0 -ffunction-sections -fdata-sections -Wall -fstack-usage -fcyclomatic-complexity -MMD -MP -MF"Core/Src/main.d" -MT"Core/Src/main.o" --specs=nano.specs -mfpu=fpv4-sp-d16 -mfloat-abi=hard -mthumb -o "Core/Src/main.o"
arm-none-eabi-gcc -o "001_Task.elf" @"objects.list"   -mcpu=cortex-m4 -T"D:\Workspace\FreeRTOS_WS\my_WS\FreeRTOS_Workspace\001_Task\001_Task\STM32F401RETX_FLASH.ld" --specs=nosys.specs -Wl,-Map="001_Task.map" -Wl,--gc-sections -static --specs=nano.specs -mfpu=fpv4-sp-d16 -mfloat-abi=hard -mthumb -Wl,--start-group -lc -lm -Wl,--end-group
Finished building target: 001_Task.elf
 
arm-none-eabi-size   001_Task.elf 
arm-none-eabi-objdump -h -S  001_Task.elf  > "001_Task.list"
   text	   data	    bss	    dec	    hex	filename
  18444	    128	  12320	  30892	   78ac	001_Task.elf
Finished building: default.size.stdout
 
Finished building: 001_Task.list
 
00:28:55 **** Incremental Build of configuration Debug for project 001_Task ****
make -j4 all 
arm-none-eabi-size   001_Task.elf 
   text	   data	    bss	    dec	    hex	filename
  18444	    128	  12320	  30892	   78ac	001_Task.elf
Finished building: default.size.stdout
 
00:29:07 **** Incremental Build of configuration Debug for project 001_Task ****
make -j4 all 
arm-none-eabi-size   001_Task.elf 
   text	   data	    bss	    dec	    hex	filename
  18444	    128	  12320	  30892	   78ac	001_Task.elf
Finished building: default.size.stdout
 
00:31:28 **** Incremental Build of configuration Debug for project 001_Task ****
make -j4 all 
arm-none-eabi-gcc "../Core/Src/main.c" -mcpu=cortex-m4 -std=gnu11 -g3 -DDEBUG -DUSE_HAL_DRIVER -DSTM32F401xE -c -I../Core/Inc -I"D:/Workspace/FreeRTOS_WS/my_WS/FreeRTOS_Workspace/001_Task/001_Task/Third Party" -I"D:/Workspace/FreeRTOS_WS/my_WS/FreeRTOS_Workspace/001_Task/001_Task/Third Party/include" -I"D:/Workspace/FreeRTOS_WS/my_WS/FreeRTOS_Workspace/001_Task/001_Task/Third Party/portable/GCC/ARM_CM4F" -I../Drivers/STM32F4xx_HAL_Driver/Inc -I../Drivers/STM32F4xx_HAL_Driver/Inc/Legacy -I../Drivers/CMSIS/Device/ST/STM32F4xx/Include -I../Drivers/CMSIS/Include -O0 -ffunction-sections -fdata-sections -Wall -fstack-usage -fcyclomatic-complexity -MMD -MP -MF"Core/Src/main.d" -MT"Core/Src/main.o" --specs=nano.specs -mfpu=fpv4-sp-d16 -mfloat-abi=hard -mthumb -o "Core/Src/main.o"
arm-none-eabi-gcc -o "001_Task.elf" @"objects.list"   -mcpu=cortex-m4 -T"D:\Workspace\FreeRTOS_WS\my_WS\FreeRTOS_Workspace\001_Task\001_Task\STM32F401RETX_FLASH.ld" --specs=nosys.specs -Wl,-Map="001_Task.map" -Wl,--gc-sections -static --specs=nano.specs -mfpu=fpv4-sp-d16 -mfloat-abi=hard -mthumb -Wl,--start-group -lc -lm -Wl,--end-group
Finished building target: 001_Task.elf
 
arm-none-eabi-size   001_Task.elf 
arm-none-eabi-objdump -h -S  001_Task.elf  > "001_Task.list"
   text	   data	    bss	    dec	    hex	filename
  18444	    128	  12320	  30892	   78ac	001_Task.elf
Finished building: default.size.stdout
 
Finished building: 001_Task.list
 
00:34:20 **** Incremental Build of configuration Debug for project 001_Task ****
make -j4 all 
arm-none-eabi-gcc "../Core/Src/main.c" -mcpu=cortex-m4 -std=gnu11 -g3 -DDEBUG -DUSE_HAL_DRIVER -DSTM32F401xE -c -I../Core/Inc -I"D:/Workspace/FreeRTOS_WS/my_WS/FreeRTOS_Workspace/001_Task/001_Task/Third Party" -I"D:/Workspace/FreeRTOS_WS/my_WS/FreeRTOS_Workspace/001_Task/001_Task/Third Party/include" -I"D:/Workspace/FreeRTOS_WS/my_WS/FreeRTOS_Workspace/001_Task/001_Task/Third Party/portable/GCC/ARM_CM4F" -I../Drivers/STM32F4xx_HAL_Driver/Inc -I../Drivers/STM32F4xx_HAL_Driver/Inc/Legacy -I../Drivers/CMSIS/Device/ST/STM32F4xx/Include -I../Drivers/CMSIS/Include -O0 -ffunction-sections -fdata-sections -Wall -fstack-usage -fcyclomatic-complexity -MMD -MP -MF"Core/Src/main.d" -MT"Core/Src/main.o" --specs=nano.specs -mfpu=fpv4-sp-d16 -mfloat-abi=hard -mthumb -o "Core/Src/main.o"
arm-none-eabi-gcc -o "001_Task.elf" @"objects.list"   -mcpu=cortex-m4 -T"D:\Workspace\FreeRTOS_WS\my_WS\FreeRTOS_Workspace\001_Task\001_Task\STM32F401RETX_FLASH.ld" --specs=nosys.specs -Wl,-Map="001_Task.map" -Wl,--gc-sections -static --specs=nano.specs -mfpu=fpv4-sp-d16 -mfloat-abi=hard -mthumb -Wl,--start-group -lc -lm -Wl,--end-group
Finished building target: 001_Task.elf
 
arm-none-eabi-size   001_Task.elf 
arm-none-eabi-objdump -h -S  001_Task.elf  > "001_Task.list"
   text	   data	    bss	    dec	    hex	filename
  18412	    128	  12320	  30860	   788c	001_Task.elf
Finished building: default.size.stdout
 
Finished building: 001_Task.list
 
00:35:44 **** Incremental Build of configuration Debug for project 001_Task ****
make -j4 all 
arm-none-eabi-gcc "../Core/Src/main.c" -mcpu=cortex-m4 -std=gnu11 -g3 -DDEBUG -DUSE_HAL_DRIVER -DSTM32F401xE -c -I../Core/Inc -I"D:/Workspace/FreeRTOS_WS/my_WS/FreeRTOS_Workspace/001_Task/001_Task/Third Party" -I"D:/Workspace/FreeRTOS_WS/my_WS/FreeRTOS_Workspace/001_Task/001_Task/Third Party/include" -I"D:/Workspace/FreeRTOS_WS/my_WS/FreeRTOS_Workspace/001_Task/001_Task/Third Party/portable/GCC/ARM_CM4F" -I../Drivers/STM32F4xx_HAL_Driver/Inc -I../Drivers/STM32F4xx_HAL_Driver/Inc/Legacy -I../Drivers/CMSIS/Device/ST/STM32F4xx/Include -I../Drivers/CMSIS/Include -O0 -ffunction-sections -fdata-sections -Wall -fstack-usage -fcyclomatic-complexity -MMD -MP -MF"Core/Src/main.d" -MT"Core/Src/main.o" --specs=nano.specs -mfpu=fpv4-sp-d16 -mfloat-abi=hard -mthumb -o "Core/Src/main.o"
arm-none-eabi-gcc -o "001_Task.elf" @"objects.list"   -mcpu=cortex-m4 -T"D:\Workspace\FreeRTOS_WS\my_WS\FreeRTOS_Workspace\001_Task\001_Task\STM32F401RETX_FLASH.ld" --specs=nosys.specs -Wl,-Map="001_Task.map" -Wl,--gc-sections -static --specs=nano.specs -mfpu=fpv4-sp-d16 -mfloat-abi=hard -mthumb -Wl,--start-group -lc -lm -Wl,--end-group
Finished building target: 001_Task.elf
 
arm-none-eabi-size   001_Task.elf 
arm-none-eabi-objdump -h -S  001_Task.elf  > "001_Task.list"
   text	   data	    bss	    dec	    hex	filename
  18412	    128	  12320	  30860	   788c	001_Task.elf
Finished building: default.size.stdout
 
Finished building: 001_Task.list
 
00:41:48 **** Incremental Build of configuration Debug for project 001_Task ****
make -j4 all 
arm-none-eabi-gcc "../Core/Src/main.c" -mcpu=cortex-m4 -std=gnu11 -g3 -DDEBUG -DUSE_HAL_DRIVER -DSTM32F401xE -c -I../Core/Inc -I"D:/Workspace/FreeRTOS_WS/my_WS/FreeRTOS_Workspace/001_Task/001_Task/Third Party" -I"D:/Workspace/FreeRTOS_WS/my_WS/FreeRTOS_Workspace/001_Task/001_Task/Third Party/include" -I"D:/Workspace/FreeRTOS_WS/my_WS/FreeRTOS_Workspace/001_Task/001_Task/Third Party/portable/GCC/ARM_CM4F" -I../Drivers/STM32F4xx_HAL_Driver/Inc -I../Drivers/STM32F4xx_HAL_Driver/Inc/Legacy -I../Drivers/CMSIS/Device/ST/STM32F4xx/Include -I../Drivers/CMSIS/Include -O0 -ffunction-sections -fdata-sections -Wall -fstack-usage -fcyclomatic-complexity -MMD -MP -MF"Core/Src/main.d" -MT"Core/Src/main.o" --specs=nano.specs -mfpu=fpv4-sp-d16 -mfloat-abi=hard -mthumb -o "Core/Src/main.o"
arm-none-eabi-gcc "../Core/Src/syscalls.c" -mcpu=cortex-m4 -std=gnu11 -g3 -DDEBUG -DUSE_HAL_DRIVER -DSTM32F401xE -c -I../Core/Inc -I"D:/Workspace/FreeRTOS_WS/my_WS/FreeRTOS_Workspace/001_Task/001_Task/Third Party" -I"D:/Workspace/FreeRTOS_WS/my_WS/FreeRTOS_Workspace/001_Task/001_Task/Third Party/include" -I"D:/Workspace/FreeRTOS_WS/my_WS/FreeRTOS_Workspace/001_Task/001_Task/Third Party/portable/GCC/ARM_CM4F" -I../Drivers/STM32F4xx_HAL_Driver/Inc -I../Drivers/STM32F4xx_HAL_Driver/Inc/Legacy -I../Drivers/CMSIS/Device/ST/STM32F4xx/Include -I../Drivers/CMSIS/Include -O0 -ffunction-sections -fdata-sections -Wall -fstack-usage -fcyclomatic-complexity -MMD -MP -MF"Core/Src/syscalls.d" -MT"Core/Src/syscalls.o" --specs=nano.specs -mfpu=fpv4-sp-d16 -mfloat-abi=hard -mthumb -o "Core/Src/syscalls.o"
arm-none-eabi-gcc -o "001_Task.elf" @"objects.list"   -mcpu=cortex-m4 -T"D:\Workspace\FreeRTOS_WS\my_WS\FreeRTOS_Workspace\001_Task\001_Task\STM32F401RETX_FLASH.ld" --specs=nosys.specs -Wl,-Map="001_Task.map" -Wl,--gc-sections -static --specs=nano.specs -mfpu=fpv4-sp-d16 -mfloat-abi=hard -mthumb -Wl,--start-group -lc -lm -Wl,--end-group
Finished building target: 001_Task.elf
 
arm-none-eabi-size   001_Task.elf 
arm-none-eabi-objdump -h -S  001_Task.elf  > "001_Task.list"
   text	   data	    bss	    dec	    hex	filename
  18412	    128	  12320	  30860	   788c	001_Task.elf
Finished building: default.size.stdout
 
Finished building: 001_Task.list
 
00:46:33 **** Incremental Build of configuration Debug for project 001_Task ****
make -j4 all 
arm-none-eabi-gcc "../Core/Src/main.c" -mcpu=cortex-m4 -std=gnu11 -g3 -DDEBUG -DUSE_HAL_DRIVER -DSTM32F401xE -c -I../Core/Inc -I"D:/Workspace/FreeRTOS_WS/my_WS/FreeRTOS_Workspace/001_Task/001_Task/Third Party" -I"D:/Workspace/FreeRTOS_WS/my_WS/FreeRTOS_Workspace/001_Task/001_Task/Third Party/include" -I"D:/Workspace/FreeRTOS_WS/my_WS/FreeRTOS_Workspace/001_Task/001_Task/Third Party/portable/GCC/ARM_CM4F" -I../Drivers/STM32F4xx_HAL_Driver/Inc -I../Drivers/STM32F4xx_HAL_Driver/Inc/Legacy -I../Drivers/CMSIS/Device/ST/STM32F4xx/Include -I../Drivers/CMSIS/Include -O0 -ffunction-sections -fdata-sections -Wall -fstack-usage -fcyclomatic-complexity -MMD -MP -MF"Core/Src/main.d" -MT"Core/Src/main.o" --specs=nano.specs -mfpu=fpv4-sp-d16 -mfloat-abi=hard -mthumb -o "Core/Src/main.o"
arm-none-eabi-gcc -o "001_Task.elf" @"objects.list"   -mcpu=cortex-m4 -T"D:\Workspace\FreeRTOS_WS\my_WS\FreeRTOS_Workspace\001_Task\001_Task\STM32F401RETX_FLASH.ld" --specs=nosys.specs -Wl,-Map="001_Task.map" -Wl,--gc-sections -static --specs=nano.specs -mfpu=fpv4-sp-d16 -mfloat-abi=hard -mthumb -Wl,--start-group -lc -lm -Wl,--end-group
Finished building target: 001_Task.elf
 
arm-none-eabi-size   001_Task.elf 
arm-none-eabi-objdump -h -S  001_Task.elf  > "001_Task.list"
   text	   data	    bss	    dec	    hex	filename
  18440	    128	  12320	  30888	   78a8	001_Task.elf
Finished building: default.size.stdout
 
Finished building: 001_Task.list
 
